[boom-theme.myshopify.com/index.html]
[cdn.shopify.com/s/files/1/0437/0454/9536/t/26/assets/favicon6869.png]
[backblue.gif]
[fade.gif]
[index.html]
[cdn.shopify.com/s/files/1/0437/0454/9536/t/26/assets/logod40c.png]
[cdn.shopify.com/s/files/1/0437/0454/9536/t/26/assets/frame.scss3fa6.css]
[cdn.shopify.com/s/files/1/0437/0454/9536/t/26/assets/style4edd.css]
[cdn.shopify.com/s/files/1/0437/0454/9536/t/26/assets/prettyPhotode1c.css]
[cdn.shopify.com/s/files/1/0437/0454/9536/t/26/assets/animatea14e.css]
[cdn.shopify.com/s/files/1/0437/0454/9536/t/26/assets/font-all.minc83d.css]
[ajax.googleapis.com/ajax/libs/jquery/1.8.1/jquery.min.js]
[cdn.shopify.com/s/files/1/0437/0454/9536/t/26/assets/loading9491.gif]
[code.jquery.com/jquery-3.2.1.min.js]
[cdn.shopify.com/s/files/1/0437/0454/9536/t/26/assets/header6070.js]
[boom-theme.myshopify.com/POST.b.delayed]
[cdn.shopify.com/s/trekkie.storefront.3d6c97158a1d2c655afe5e8a7bfac49f365dde39.min.js]
[cdn.shopify.com/shopifycloud/boomerang/shopify-boomerang-1.0.0.min.js]
[cdn.shopify.com/shopifycloud/shopify/assets/shop_events_listener-714e2e017903fad17d4471cb27d1f2c8a83b5a7a276f92420f7e5e40dbc9136e.js]
[cdn.shopify.com/shopifycloud/storefront-recaptcha-v3/v0.1/index.js]
[cdn.shopify.com/shopifycloud/shopify/assets/storefront/load_feature-d8a6f1446d67009c524ed4e68648800ba9082eb75548ee28e1050331cbe7ba28.js]
[cdn.shopify.com/shopifycloud/shopify/assets/storefront/features-87e8399988880142f2c62771b9d8f2ff6c290b3ff745dd426eb0dfe0db9d1dae.js]
[cdn.shopify.com/s/files/1/0437/0454/9536/t/26/compiled_assets/styles1775.css]
[cdn.shopify.com/s/files/1/0437/0454/9536/t/26/compiled_assets/scripts1775.js]
[cdn.shopify.com/s/files/1/0437/0454/9536/t/26/assets/i-currency-1ad35.png]
[cdn.shopify.com/s/files/1/0437/0454/9536/t/26/assets/i-currency-2b66c.png]
[boom-theme.myshopify.com/account/login.html]
[cdn.shopify.com/s/files/1/0437/0454/9536/t/26/assets/i-currency-33373.png]
[cdn.shopify.com/s/files/1/0437/0454/9536/t/26/assets/i-currency-410aa.png]
[boom-theme.myshopify.com/collections/all.html]
[boom-theme.myshopify.com/collections/bluetooth.html]
[boom-theme.myshopify.com/products/bluetooth-earphone.html]
[boom-theme.myshopify.com/products/portable-earphone.html]
[boom-theme.myshopify.com/products/v45-earphone.html]
[boom-theme.myshopify.com/collections/in-ear.html]
[boom-theme.myshopify.com/products/comfort-earphone.html]
[boom-theme.myshopify.com/products/slick-earphone.html]
[boom-theme.myshopify.com/products/v45-earphone-1.html]
[boom-theme.myshopify.com/collections/sports-earbud.html]
[boom-theme.myshopify.com/products/in-ear-earphone.html]
[boom-theme.myshopify.com/products/trendy-earbud.html]
[boom-theme.myshopify.com/products/wireless-earbud.html]
[boom-theme.myshopify.com/collections/wireless.html]
[boom-theme.myshopify.com/products/noise-isolation-earbud.html]
[boom-theme.myshopify.com/products/v42-earphone.html]
[boom-theme.myshopify.com/products/copy-of-product-30]
[cdn.shopify.com/s/files/1/0437/0454/9536/files/Boom_Mega_Menu_01_850x75b8.png]
[boom-theme.myshopify.com/products/zen-backpacks-a1]
[cdn.shopify.com/s/files/1/0437/0454/9536/files/Boom_Mega_Menu_02_850x4dbc.png]
[boom-theme.myshopify.com/blogs/news.html]
[boom-theme.myshopify.com/pages/about.html]
[boom-theme.myshopify.com/pages/service.html]
[boom-theme.myshopify.com/pages/faq.html]
[cdn.shopify.com/s/files/1/0437/0454/9536/files/slider_2000xfcc5.png]
[boom-theme.myshopify.com/pages/contact.html]
[cdn.shopify.com/s/files/1/0437/0454/9536/files/mob-slider-1_767xef03.jpg]
[cdn.shopify.com/s/files/1/0437/0454/9536/files/slider-2-bg_2000x092a.png]
[cdn.shopify.com/s/files/1/0437/0454/9536/files/slider-2-bg-responsive_767xb793.png]
[cdn.shopify.com/s/files/1/0437/0454/9536/files/slider-3-bg_2000xdfa0.png]
[cdn.shopify.com/s/files/1/0437/0454/9536/files/slider-3-bg-responsive_767x2c8f.png]
[boom-theme.myshopify.com/collections.html]
[cdn.shopify.com/s/files/1/0437/0454/9536/files/img-1a_960x01b1.png]
[cdn.shopify.com/s/files/1/0437/0454/9536/files/img-2_960x8fca.png]
[cdn.shopify.com/s/files/1/0437/0454/9536/files/bg-21d56.png]
[cdn.shopify.com/s/files/1/0437/0454/9536/files/img-3_900x8352.jpg]
[cdn.shopify.com/s/files/1/0437/0454/9536/files/icon-1_granded947.png]
[cdn.shopify.com/s/files/1/0437/0454/9536/files/icon-2_grande6302.png]
[cdn.shopify.com/s/files/1/0437/0454/9536/files/icon-3_grande6fb6.png]
[cdn.shopify.com/s/files/1/0437/0454/9536/files/icon-4_grande035e.png]
[cdn.shopify.com/s/files/1/0437/0454/9536/files/icon-5_grande2639.png]
[cdn.shopify.com/s/files/1/0437/0454/9536/files/icon-6_grandeedf4.png]
[cdn.shopify.com/s/files/1/0437/0454/9536/files/section-bgimage-3f4f6.png]
[cdn.shopify.com/s/files/1/0437/0454/9536/files/testi-1_300xfdfb.png]
[cdn.shopify.com/s/files/1/0437/0454/9536/files/test-1_300x3508.jpg]
[cdn.shopify.com/s/files/1/0437/0454/9536/files/test-2_300x2c6b.jpg]
[cdn.shopify.com/s/files/1/0437/0454/9536/files/video-bg22d9.jpg]
[cdn.shopify.com/s/files/1/0437/0454/9536/files/section-bgimage-52f26.png]
[boom-theme.myshopify.com/blogs/news/white-wireless-earbud.html]
[cdn.shopify.com/s/files/1/0437/0454/9536/articles/blog-67_1024x1024f27a.jpg]
[boom-theme.myshopify.com/blogs/news/loudest-wireless-earbuds.html]
[cdn.shopify.com/s/files/1/0437/0454/9536/articles/blog-7_1024x10240fb7.jpg]
[cdn.shopify.com/s/files/1/0437/0454/9536/articles/blog-5_1024x10244ab2.jpg]
[boom-theme.myshopify.com/blogs/news/fun-with-friends.html]
[cdn.shopify.com/s/files/1/0437/0454/9536/files/footer-bg_1920X57ff.jpg]
[cdn.shopify.com/s/files/1/0437/0454/9536/files/logo_250xa21f.png]
[cdn.shopify.com/s/files/1/0437/0454/9536/t/26/assets/inview-donut-easing3fee.js]
[cdn.shopify.com/s/files/1/0437/0454/9536/t/26/assets/themebc11.js]
[cdn.shopify.com/shopifycloud/shopify/assets/themes_support/option_selection-fe6b72c2bbdd3369ac0bfefe8648e3c889efca213baefd4cfb0dd9363563831f.js]
[cdn.shopify.com/shopifycloud/shopify/assets/themes_support/api.jquery-e94e010e92e659b566dbc436fdfe5242764380e00398907a14955ba301a4749f.js]
[cdn.shopify.com/s/files/1/0437/0454/9536/t/26/assets/history-to-light18d8.js]
[cdn.shopify.com/s/files/1/0437/0454/9536/t/26/assets/wow6fc4.js]
[cdn.shopify.com/s/files/1/0437/0454/9536/t/26/assets/ajax-search-script0ee8.js]
[cdn.shopify.com/s/files/1/0437/0454/9536/t/26/assets/shopa19e.js]
[boom-theme.myshopify.com/cart.html]
[cdn.shopify.com/s/javascripts/currencies.js]
[cdn.shopify.com/s/files/1/0437/0454/9536/t/26/assets/jquery.currencies.mind3d7.js]
[boom-theme.myshopify.com/index.html]
[cdn.shopify.com/s/files/1/0437/0454/9536/t/26/assets/ico-selectf30c.svg]
[cdn.shopify.com/s/files/1/0437/0454/9536/t/26/assets/iconsf0b1.eot]
[cdn.shopify.com/s/files/1/0437/0454/9536/t/26/assets/iconsf0b1.woff]
[cdn.shopify.com/s/files/1/0437/0454/9536/t/26/assets/footerdeae.js]
[cdn.shopify.com/s/files/1/0437/0454/9536/t/26/assets/iconsf0b1.ttf]
[cdn.shopify.com/s/files/1/0437/0454/9536/t/26/assets/icons0672.svg]
[cdn.shopify.com/s/files/1/0437/0454/9536/t/26/assets/breadcrumb_bg_image024c.jpg]
[cdn.shopify.com/s/files/1/0437/0454/9536/t/26/assets/preloader72d1.gif]
[cdn.shopify.com/s/files/1/0437/0454/9536/t/26/assets/top_to_btm871c.png]
[cdn.shopify.com/s/files/1/0437/0454/9536/t/26/assets/product-arrowf0b1.png]
[cdn.shopify.com/s/files/1/0437/0454/9536/t/26/assets/popup_newsletter_imgc726.jpg]
[cdn.shopify.com/s/files/1/0437/0454/9536/t/26/assets/hover3ef9.png]
[cdn.shopify.com/s/files/1/0437/0454/9536/t/26/assets/mask-imagef93f.png]
[cdn.shopify.com/s/files/1/0437/0454/9536/t/26/assets/frame.scss3fa6.css]
[cdn.shopify.com/s/files/1/0437/0454/9536/t/26/assets/owl.video.play.png]
[cdn.shopify.com/s/files/1/0437/0454/9536/t/26/assets/icons_new14.png]
[cdn.shopify.com/s/files/1/0437/0454/9536/t/26/assets/prev-horizontal.png]
[cdn.shopify.com/s/files/1/0437/0454/9536/t/26/assets/controlsce7f.png]
[cdn.shopify.com/s/files/1/0437/0454/9536/t/26/assets/loading.gif]
[cdn.shopify.com/s/files/1/0437/0454/9536/t/26/assets/fancybox.png]
[cdn.shopify.com/s/files/1/0437/0454/9536/t/26/assets/fancybox-x.png]
[cdn.shopify.com/s/files/1/0437/0454/9536/t/26/assets/style4edd.css]
[cdn.shopify.com/s/files/1/0437/0454/9536/t/26/assets/sprite.png]
[cdn.shopify.com/s/files/1/0437/0454/9536/t/26/assets/sprite_x.png]
[cdn.shopify.com/s/files/1/0437/0454/9536/t/26/assets/sprite_y.png]
[cdn.shopify.com/s/files/1/0437/0454/9536/t/26/assets/sprite_next.png]
[cdn.shopify.com/s/files/1/0437/0454/9536/t/26/assets/sprite_prev.png]
[cdn.shopify.com/s/files/1/0437/0454/9536/t/26/assets/default_thumb.png]
[cdn.shopify.com/s/files/1/0437/0454/9536/t/26/assets/loader.gif]
[cdn.shopify.com/s/files/1/0437/0454/9536/t/26/assets/btnNext.png]
[cdn.shopify.com/s/files/1/0437/0454/9536/t/26/assets/btnPrevious.png]
[cdn.shopify.com/s/files/1/0437/0454/9536/t/26/assets/contentPattern.png]
[cdn.shopify.com/s/files/1/0437/0454/9536/t/26/assets/dark_rounded/sprite.png]
[cdn.shopify.com/s/files/1/0437/0454/9536/t/26/assets/contentPatternTop.png]
[cdn.shopify.com/s/files/1/0437/0454/9536/t/26/assets/contentPatternLeft.png]
[cdn.shopify.com/s/files/1/0437/0454/9536/t/26/assets/contentPatternRight.png]
[cdn.shopify.com/s/files/1/0437/0454/9536/t/26/assets/facebook/sprite.png]
[cdn.shopify.com/s/files/1/0437/0454/9536/t/26/images/prettyPhoto/facebook/sprite.png]
[cdn.shopify.com/s/files/1/0437/0454/9536/t/26/assets/contentPatternBottom.png]
[cdn.shopify.com/s/files/1/0437/0454/9536/t/26/assets/default_thumbnail.gif]
[cdn.shopify.com/s/files/1/0437/0454/9536/t/26/assets/prettyPhotode1c.css]
[cdn.shopify.com/s/files/1/0437/0454/9536/t/26/assets/animatea14e.css]
[cdn.shopify.com/s/files/1/0437/0454/9536/t/26/assets/fa-brands-400.woff2]
[cdn.shopify.com/s/files/1/0437/0454/9536/t/26/assets/fa-brands-400.woff]
[cdn.shopify.com/s/files/1/0437/0454/9536/t/26/assets/fa-brands-400.ttf]
[cdn.shopify.com/s/files/1/0437/0454/9536/t/26/assets/fa-brands-400.eot]
[cdn.shopify.com/s/files/1/0437/0454/9536/t/26/assets/fa-brands-400.svg]
[cdn.shopify.com/s/files/1/0437/0454/9536/t/26/assets/fa-regular-400.eot]
[cdn.shopify.com/s/files/1/0437/0454/9536/t/26/assets/fa-regular-400.woff2]
[cdn.shopify.com/s/files/1/0437/0454/9536/t/26/assets/fa-brands-400d41d.eot]
[cdn.shopify.com/s/files/1/0437/0454/9536/t/26/assets/fa-regular-400.woff]
[cdn.shopify.com/s/files/1/0437/0454/9536/t/26/assets/fa-regular-400.ttf]
[cdn.shopify.com/s/files/1/0437/0454/9536/t/26/assets/fa-regular-400d41d.eot]
[cdn.shopify.com/s/files/1/0437/0454/9536/t/26/assets/fa-regular-400.svg]
[cdn.shopify.com/s/files/1/0437/0454/9536/t/26/assets/fa-solid-900.woff2]
[cdn.shopify.com/s/files/1/0437/0454/9536/t/26/assets/fa-solid-900.woff]
[cdn.shopify.com/s/files/1/0437/0454/9536/t/26/assets/fa-solid-900.ttf]
[cdn.shopify.com/s/files/1/0437/0454/9536/t/26/assets/fa-solid-900.eot]
[cdn.shopify.com/s/files/1/0437/0454/9536/t/26/assets/fa-solid-900.92.delayed]
[cdn.shopify.com/s/files/1/0437/0454/9536/t/26/assets/american_captain-webfont.woff2]
[cdn.shopify.com/s/files/1/0437/0454/9536/t/26/assets/american_captain-webfont.woff]
[cdn.shopify.com/s/files/1/0437/0454/9536/t/26/assets/futurabt-light-webfont.woff2]
[cdn.shopify.com/s/files/1/0437/0454/9536/t/26/assets/fa-solid-900d41d.eot]
[cdn.shopify.com/s/files/1/0437/0454/9536/t/26/assets/futurabt-light-webfont.woff]
[cdn.shopify.com/s/files/1/0437/0454/9536/t/26/assets/font-all.minc83d.css]
[boom-theme.myshopify.com/POST.html]
[cdn.shopify.com/s/files/1/0437/0454/9536/t/26/compiled_assets/styles1775.css]
[cdn.shopify.com/shopifycloud/shopify/assets/themes_support/shopify_common-8ea6ac3faf357236a97f5de749df4da6e8436ca107bc3a4ee805cbf08bc47392.js]
[boom-theme.myshopify.com/account/POST.98.delayed]
[boom-theme.myshopify.com/account/register.html]
[boom-theme.myshopify.com/account/login.html]
[boom-theme.myshopify.com/collections/all.atom]
[boom-theme.myshopify.com/collections/all4658.html]
[boom-theme.myshopify.com/collections/POST]
[cdn.shopify.com/s/files/1/0437/0454/9536/products/shop-38_23f820d8-ef3a-4223-9734-3e6f29817b89_350X2920.jpg]
[cdn.shopify.com/s/files/1/0437/0454/9536/products/shop-23_3b68d989-d62c-4fd0-b2c0-b81ef8a47e99_350X2b9d.jpg]
[cdn.shopify.com/s/files/1/0437/0454/9536/products/shop-7_a7d8ad28-c10a-4dea-8f43-7bdd5b560052_350X35b9.jpg]
[cdn.shopify.com/s/files/1/0437/0454/9536/products/shop-3_ecb7b899-fa05-422d-9a3f-75098acf2299_350Xe3bb.jpg]
[boom-theme.myshopify.com/collections/manual]
[boom-theme.myshopify.com/collections/price-ascending]
[boom-theme.myshopify.com/collections/price-descending]
[boom-theme.myshopify.com/collections/title-ascending]
[boom-theme.myshopify.com/collections/title-descending]
[boom-theme.myshopify.com/collections/created-ascending]
[boom-theme.myshopify.com/collections/created-descending]
[boom-theme.myshopify.com/collections/best-selling]
[cdn.shopify.com/s/files/1/0437/0454/9536/products/shop-9_8b8e52b3-4453-46bf-bee6-d56b3bfbf01d_large6d4d.jpg]
[cdn.shopify.com/s/files/1/0437/0454/9536/products/shop-20_ac8d74e9-acfb-4a2d-bb5f-d6a273c0d4e6_large6d4d.jpg]
[boom-theme.myshopify.com/products/bluetooth-earphoneadbd.html]
[boom-theme.myshopify.com/products/bluetooth-earphone5d16.html]
[boom-theme.myshopify.com/products/bluetooth-earphone8ad4.html]
[boom-theme.myshopify.com/products/bluetooth-earphone7ecf.html]
[boom-theme.myshopify.com/collections/bluetooth-earphone]
[boom-theme.myshopify.com/pages/wishlist.html]
[cdn.shopify.com/s/files/1/0437/0454/9536/products/shop-10_bf74d6bd-48d3-4849-88c5-4ba2ec1e3c7b_largef408.jpg]
[cdn.shopify.com/s/files/1/0437/0454/9536/products/shop-13_fab45693-1254-407a-b785-e81ca9eb99b3_largef408.jpg]
[boom-theme.myshopify.com/products/comfort-earphonee593.html]
[boom-theme.myshopify.com/products/comfort-earphone4b18.html]
[boom-theme.myshopify.com/products/comfort-earphoneebbe.html]
[boom-theme.myshopify.com/products/comfort-earphonecf9f.html]
[boom-theme.myshopify.com/collections/comfort-earphone]
[cdn.shopify.com/s/files/1/0437/0454/9536/products/shop-5_87c12970-4390-44ce-b87d-bb3f3bef7833_large6f87.jpg]
[cdn.shopify.com/s/files/1/0437/0454/9536/products/shop-6_0c791b40-b4df-4b67-892a-6e710cd7e87e_large6f87.jpg]
[boom-theme.myshopify.com/products/in-ear-earphone9f16.html]
[boom-theme.myshopify.com/products/in-ear-earphone8787.html]
[boom-theme.myshopify.com/collections/in-ear-earphone]
[cdn.shopify.com/s/files/1/0437/0454/9536/products/shop-15_44cd1f96-e00d-49f3-b33a-eae255ac4f86_large6e24.jpg]
[cdn.shopify.com/s/files/1/0437/0454/9536/products/shop-18_07b1def3-7530-4201-9a26-8a19cedb3873_large6e24.jpg]
[boom-theme.myshopify.com/products/noise-isolation-earbud9667.html]
[boom-theme.myshopify.com/products/noise-isolation-earbuded00.html]
[boom-theme.myshopify.com/products/noise-isolation-earbud35f4.html]
[boom-theme.myshopify.com/products/noise-isolation-earbudb36b.html]
[boom-theme.myshopify.com/collections/noise-isolation-earbud]
[cdn.shopify.com/s/files/1/0437/0454/9536/products/shop-23_3b68d989-d62c-4fd0-b2c0-b81ef8a47e99_large2b9d.jpg]
[cdn.shopify.com/s/files/1/0437/0454/9536/products/shop-26_8abbe339-48c4-4cf4-9f94-74f9c9100a50_large2b9d.jpg]
[boom-theme.myshopify.com/products/portable-earphoneeb5c.html]
[boom-theme.myshopify.com/products/portable-earphone17b5.html]
[boom-theme.myshopify.com/products/portable-earphone0182.html]
[boom-theme.myshopify.com/products/portable-earphoneca65.html]
[boom-theme.myshopify.com/collections/portable-earphone]
[cdn.shopify.com/s/files/1/0437/0454/9536/products/shop-7_a7d8ad28-c10a-4dea-8f43-7bdd5b560052_large35b9.jpg]
[cdn.shopify.com/s/files/1/0437/0454/9536/products/shop-37_e3dd010b-c0b4-4109-9544-abd464b57f45_large35b9.jpg]
[boom-theme.myshopify.com/products/slick-earphonea84b.html]
[boom-theme.myshopify.com/products/slick-earphone82c9.html]
[boom-theme.myshopify.com/products/slick-earphoneba3f.html]
[boom-theme.myshopify.com/products/slick-earphone1c8f.html]
[boom-theme.myshopify.com/collections/slick-earphone]
[cdn.shopify.com/s/files/1/0437/0454/9536/products/shop-38_23f820d8-ef3a-4223-9734-3e6f29817b89_large2920.jpg]
[cdn.shopify.com/s/files/1/0437/0454/9536/products/shop-41_b9457635-3853-42f2-9d36-f02e2d7e6a0a_large2920.jpg]
[boom-theme.myshopify.com/products/trendy-earbud647f.html]
[boom-theme.myshopify.com/products/trendy-earbud3c4e.html]
[boom-theme.myshopify.com/products/trendy-earbud1317.html]
[boom-theme.myshopify.com/products/trendy-earbud72ed.html]
[boom-theme.myshopify.com/collections/trendy-earbud]
[cdn.shopify.com/s/files/1/0437/0454/9536/products/shop-3_ecb7b899-fa05-422d-9a3f-75098acf2299_largee3bb.jpg]
[cdn.shopify.com/s/files/1/0437/0454/9536/products/shop-22_af5bddc0-7020-4ff5-a918-99228dabb54c_largee3bb.jpg]
[boom-theme.myshopify.com/products/v42-earphone743f.html]
[boom-theme.myshopify.com/products/v42-earphone8b9f.html]
[boom-theme.myshopify.com/products/v42-earphone2cf7.html]
[boom-theme.myshopify.com/products/v42-earphoneaec6.html]
[boom-theme.myshopify.com/collections/v42-earphone]
[boom-theme.myshopify.com/collections/all.html]
[boom-theme.myshopify.com/collections/bluetooth.atom]
[boom-theme.myshopify.com/collections/bluetooth.oembed]
[boom-theme.myshopify.com/collections/bluetooth/products/trendy-earbud.html]
[boom-theme.myshopify.com/collections/bluetooth/products/v42-earphone.html]
[cdn.shopify.com/s/files/1/0437/0454/9536/products/shop-27_301aa288-d998-445a-8c2f-7c9a35c52bb8_largebbfc.jpg]
[cdn.shopify.com/s/files/1/0437/0454/9536/products/shop-32_e751ea9b-8936-403b-8f58-425a764f74e8_largebbfc.jpg]
[boom-theme.myshopify.com/collections/bluetooth/products/v45-earphone.html]
[boom-theme.myshopify.com/products/v45-earphone986c.html]
[boom-theme.myshopify.com/products/v45-earphoneb258.html]
[boom-theme.myshopify.com/products/v45-earphone7054.html]
[boom-theme.myshopify.com/products/v45-earphone2236.html]
[boom-theme.myshopify.com/collections/v45-earphone]
[cdn.shopify.com/s/files/1/0437/0454/9536/products/shop-42_40206bfd-45c1-4077-acc8-3d9bfc2d51a5_large6a10.jpg]
[boom-theme.myshopify.com/collections/bluetooth/products/v45-earphone-1.html]
[cdn.shopify.com/s/files/1/0437/0454/9536/products/shop-45_d13420d4-27ed-444a-a3bb-aa42566f5c0c_large6a10.jpg]
[boom-theme.myshopify.com/products/v45-earphone-13afd.html]
[boom-theme.myshopify.com/products/v45-earphone-101e5.html]
[boom-theme.myshopify.com/products/v45-earphone-1bf32.html]
[boom-theme.myshopify.com/products/v45-earphone-15d19.html]
[boom-theme.myshopify.com/collections/v45-earphone-1]
[boom-theme.myshopify.com/collections/bluetooth.html]
[cdn.shopify.com/s/files/1/0437/0454/9536/products/shop-9_8b8e52b3-4453-46bf-bee6-d56b3bfbf01d_grande6d4d.jpg]
[cdn.shopify.com/s/files/1/0437/0454/9536/products/shop-14_9050105f-3770-47a3-80ce-3c76973bee1c_grande6d4d.jpg]
[cdn.shopify.com/s/files/1/0437/0454/9536/products/shop-19_acd1ac96-0130-4455-b406-b24535bad881_grande6d4d.jpg]
[cdn.shopify.com/s/files/1/0437/0454/9536/products/shop-9_8b8e52b3-4453-46bf-bee6-d56b3bfbf01d_medium6d4d.jpg]
[boom-theme.myshopify.com/products/bluetooth-earphone.oembed]
[boom-theme.myshopify.com/products/POST]
[cdn.shopify.com/s/files/1/0437/0454/9536/products/shop-42_40206bfd-45c1-4077-acc8-3d9bfc2d51a5_350X6a10.jpg]
[cdn.shopify.com/s/files/1/0437/0454/9536/products/shop-1_83cc799d-ea81-4aaf-a0eb-810e399f6130_350X2b1a.jpg]
[cdn.shopify.com/s/files/1/0437/0454/9536/products/shop-27_301aa288-d998-445a-8c2f-7c9a35c52bb8_smallbbfc.jpg]
[cdn.shopify.com/s/files/1/0437/0454/9536/products/shop-42_40206bfd-45c1-4077-acc8-3d9bfc2d51a5_small6a10.jpg]
[cdn.shopify.com/s/files/1/0437/0454/9536/products/shop-38_23f820d8-ef3a-4223-9734-3e6f29817b89_small2920.jpg]
[cdn.shopify.com/s/files/1/0437/0454/9536/products/shop-3_ecb7b899-fa05-422d-9a3f-75098acf2299_smalle3bb.jpg]
[cdn.shopify.com/s/files/1/0437/0454/9536/products/shop-9_8b8e52b3-4453-46bf-bee6-d56b3bfbf01d6d4d.jpg]
[cdn.shopify.com/s/files/1/0437/0454/9536/products/shop-14_9050105f-3770-47a3-80ce-3c76973bee1c6d4d.jpg]
[cdn.shopify.com/s/files/1/0437/0454/9536/products/shop-19_acd1ac96-0130-4455-b406-b24535bad8816d4d.jpg]
[cdn.shopify.com/s/files/1/0437/0454/9536/products/shop-20_ac8d74e9-acfb-4a2d-bb5f-d6a273c0d4e66d4d.jpg]
[cdn.shopify.com/s/files/1/0437/0454/9536/products/hqdefaultda6c.jpg]
[cdn.shopify.com/s/files/1/0437/0454/9536/products/shop-14_9050105f-3770-47a3-80ce-3c76973bee1c_medium6d4d.jpg]
[cdn.shopify.com/s/files/1/0437/0454/9536/products/shop-19_acd1ac96-0130-4455-b406-b24535bad881_medium6d4d.jpg]
[cdn.shopify.com/s/files/1/0437/0454/9536/products/shop-20_ac8d74e9-acfb-4a2d-bb5f-d6a273c0d4e6_medium6d4d.jpg]
[cdn.shopify.com/s/files/1/0437/0454/9536/products/hqdefault_250x250_crop_centerda6c.jpg]
[cdn.shopify.com/s/files/1/0437/0454/9536/products/shop-9_8b8e52b3-4453-46bf-bee6-d56b3bfbf01d_50x6d4d.jpg]
[cdn.shopify.com/s/files/1/0437/0454/9536/products/shop-14_9050105f-3770-47a3-80ce-3c76973bee1c_50x6d4d.jpg]
[cdn.shopify.com/s/files/1/0437/0454/9536/products/shop-19_acd1ac96-0130-4455-b406-b24535bad881_50x6d4d.jpg]
[cdn.shopify.com/s/files/1/0437/0454/9536/products/shop-20_ac8d74e9-acfb-4a2d-bb5f-d6a273c0d4e6_50x6d4d.jpg]
[cdn.shopify.com/s/files/1/0437/0454/9536/products/shop-9_8b8e52b3-4453-46bf-bee6-d56b3bfbf01d_compact6d4d.jpg]
[cdn.shopify.com/s/files/1/0437/0454/9536/products/shop-10_bf74d6bd-48d3-4849-88c5-4ba2ec1e3c7b_compactf408.jpg]
[cdn.shopify.com/s/files/1/0437/0454/9536/products/shop-5_87c12970-4390-44ce-b87d-bb3f3bef7833_compact6f87.jpg]
[cdn.shopify.com/s/files/1/0437/0454/9536/products/shop-15_44cd1f96-e00d-49f3-b33a-eae255ac4f86_compact6e24.jpg]
[cdn.shopify.com/s/files/1/0437/0454/9536/products/shop-7_a7d8ad28-c10a-4dea-8f43-7bdd5b560052_compact35b9.jpg]
[cdn.shopify.com/s/files/1/0437/0454/9536/products/shop-14_9050105f-3770-47a3-80ce-3c76973bee1c_compact6d4d.jpg]
[cdn.shopify.com/s/files/1/0437/0454/9536/products/shop-19_acd1ac96-0130-4455-b406-b24535bad881_compact6d4d.jpg]
[cdn.shopify.com/s/files/1/0437/0454/9536/products/shop-20_ac8d74e9-acfb-4a2d-bb5f-d6a273c0d4e6_compact6d4d.jpg]
[cdn.shopify.com/s/files/1/0437/0454/9536/products/shop-11_0a653046-cf40-4a47-a304-129b06195c3c_compactf408.jpg]
[cdn.shopify.com/s/files/1/0437/0454/9536/products/shop-12_d1948a4c-a9de-410a-a946-5871ab1bda10_compactf408.jpg]
[cdn.shopify.com/s/files/1/0437/0454/9536/products/shop-13_fab45693-1254-407a-b785-e81ca9eb99b3_compactf408.jpg]
[cdn.shopify.com/s/files/1/0437/0454/9536/products/shop-10_bf74d6bd-48d3-4849-88c5-4ba2ec1e3c7b_50xf408.jpg]
[cdn.shopify.com/s/files/1/0437/0454/9536/products/shop-11_0a653046-cf40-4a47-a304-129b06195c3c_50xf408.jpg]
[cdn.shopify.com/s/files/1/0437/0454/9536/products/shop-12_d1948a4c-a9de-410a-a946-5871ab1bda10_50xf408.jpg]
[cdn.shopify.com/s/files/1/0437/0454/9536/products/shop-13_fab45693-1254-407a-b785-e81ca9eb99b3_50xf408.jpg]
[cdn.shopify.com/s/files/1/0437/0454/9536/products/shop-6_0c791b40-b4df-4b67-892a-6e710cd7e87e_compact6f87.jpg]
[cdn.shopify.com/s/files/1/0437/0454/9536/products/shop-5_87c12970-4390-44ce-b87d-bb3f3bef7833_50x6f87.jpg]
[cdn.shopify.com/s/files/1/0437/0454/9536/products/shop-6_0c791b40-b4df-4b67-892a-6e710cd7e87e_50x6f87.jpg]
[cdn.shopify.com/s/files/1/0437/0454/9536/products/shop-16_9454e93f-bebc-469a-9c66-b8b8a4f7e84b_compact6e24.jpg]
[cdn.shopify.com/s/files/1/0437/0454/9536/products/shop-17_730a6e3a-4d55-4661-9d93-28233b0feabc_compact6e24.jpg]
[cdn.shopify.com/s/files/1/0437/0454/9536/products/shop-18_07b1def3-7530-4201-9a26-8a19cedb3873_compact6e24.jpg]
[cdn.shopify.com/s/files/1/0437/0454/9536/products/shop-15_44cd1f96-e00d-49f3-b33a-eae255ac4f86_50x6e24.jpg]
[cdn.shopify.com/s/files/1/0437/0454/9536/products/shop-16_9454e93f-bebc-469a-9c66-b8b8a4f7e84b_50x6e24.jpg]
[cdn.shopify.com/s/files/1/0437/0454/9536/products/shop-17_730a6e3a-4d55-4661-9d93-28233b0feabc_50x6e24.jpg]
[cdn.shopify.com/s/files/1/0437/0454/9536/products/shop-18_07b1def3-7530-4201-9a26-8a19cedb3873_50x6e24.jpg]
[cdn.shopify.com/s/files/1/0437/0454/9536/products/shop-8_eb2d368c-2e8c-4fdc-9b14-dd51f5524d32_compact35b9.jpg]
[cdn.shopify.com/s/files/1/0437/0454/9536/products/shop-36_ea8bca33-1786-44fe-b90e-e06cc8217c9a_compact35b9.jpg]
[cdn.shopify.com/s/files/1/0437/0454/9536/products/shop-37_e3dd010b-c0b4-4109-9544-abd464b57f45_compact35b9.jpg]
[cdn.shopify.com/s/files/1/0437/0454/9536/products/shop-7_a7d8ad28-c10a-4dea-8f43-7bdd5b560052_50x35b9.jpg]
[cdn.shopify.com/s/files/1/0437/0454/9536/products/shop-8_eb2d368c-2e8c-4fdc-9b14-dd51f5524d32_50x35b9.jpg]
[cdn.shopify.com/s/files/1/0437/0454/9536/products/shop-36_ea8bca33-1786-44fe-b90e-e06cc8217c9a_50x35b9.jpg]
[cdn.shopify.com/s/files/1/0437/0454/9536/products/shop-37_e3dd010b-c0b4-4109-9544-abd464b57f45_50x35b9.jpg]
[boom-theme.myshopify.com/collections/bundle-5472270811296/products/noise-isolation-earbud.html]
[boom-theme.myshopify.com/collections/bundle-5472270811296/products/comfort-earphone.html]
[ajax.aspnetcdn.com/ajax/jquery.templates/beta1/jquery.tmpl.min.js]
[cdn.shopify.com/s/files/1/0437/0454/9536/t/26/assets/jquery.fancybox.minfa4d.css]
[boom-theme.myshopify.com/collections/bundle-5472270811296/products/in-ear-earphone.html]
[cdn.shopify.com/s/files/1/0437/0454/9536/t/26/assets/sticky-kit.min3736.js]
[boom-theme.myshopify.com/products/index.html]
[cdn.shopify.com/s/files/1/0437/0454/9536/t/26/assets/jquery.fancybox.min1026.js]
[cdn.shopify.com/s/files/1/0437/0454/9536/t/26/assets/social-buttonsa4c8.js]
[boom-theme.myshopify.com/products/bluetooth-earphone.html]
[cdn.shopify.com/s/files/1/0437/0454/9536/products/shop-23_3b68d989-d62c-4fd0-b2c0-b81ef8a47e99_grande2b9d.jpg]
[cdn.shopify.com/s/files/1/0437/0454/9536/products/shop-24_43b34af7-6d37-42af-9ba9-11bba4ab57ad_grande2b9d.jpg]
[cdn.shopify.com/s/files/1/0437/0454/9536/products/shop-25_5a3f4808-582c-4306-9d18-1448cf1bfa1f_grande2b9d.jpg]
[cdn.shopify.com/s/files/1/0437/0454/9536/products/shop-23_3b68d989-d62c-4fd0-b2c0-b81ef8a47e99_medium2b9d.jpg]
[boom-theme.myshopify.com/products/portable-earphone.oembed]
[cdn.shopify.com/s/files/1/0437/0454/9536/products/shop-23_3b68d989-d62c-4fd0-b2c0-b81ef8a47e992b9d.jpg]
[cdn.shopify.com/s/files/1/0437/0454/9536/products/shop-24_43b34af7-6d37-42af-9ba9-11bba4ab57ad2b9d.jpg]
[cdn.shopify.com/s/files/1/0437/0454/9536/products/shop-25_5a3f4808-582c-4306-9d18-1448cf1bfa1f2b9d.jpg]
[cdn.shopify.com/s/files/1/0437/0454/9536/products/shop-26_8abbe339-48c4-4cf4-9f94-74f9c9100a502b9d.jpg]
[cdn.shopify.com/s/files/1/0437/0454/9536/products/shop-24_43b34af7-6d37-42af-9ba9-11bba4ab57ad_medium2b9d.jpg]
[cdn.shopify.com/s/files/1/0437/0454/9536/products/shop-25_5a3f4808-582c-4306-9d18-1448cf1bfa1f_medium2b9d.jpg]
[cdn.shopify.com/s/files/1/0437/0454/9536/products/shop-26_8abbe339-48c4-4cf4-9f94-74f9c9100a50_medium2b9d.jpg]
[cdn.shopify.com/s/files/1/0437/0454/9536/products/shop-23_3b68d989-d62c-4fd0-b2c0-b81ef8a47e99_50x2b9d.jpg]
[cdn.shopify.com/s/files/1/0437/0454/9536/products/shop-24_43b34af7-6d37-42af-9ba9-11bba4ab57ad_50x2b9d.jpg]
[cdn.shopify.com/s/files/1/0437/0454/9536/products/shop-25_5a3f4808-582c-4306-9d18-1448cf1bfa1f_50x2b9d.jpg]
[cdn.shopify.com/s/files/1/0437/0454/9536/products/shop-26_8abbe339-48c4-4cf4-9f94-74f9c9100a50_50x2b9d.jpg]
[boom-theme.myshopify.com/collections/sports-earbud/products/v45-earphone-1.html]
[boom-theme.myshopify.com/collections/sports-earbud/products/v42-earphone.html]
[cdn.shopify.com/s/files/1/0437/0454/9536/products/shop-1_83cc799d-ea81-4aaf-a0eb-810e399f6130_large2b1a.jpg]
[cdn.shopify.com/s/files/1/0437/0454/9536/products/shop-35_ea9a1156-bb00-4f57-83c9-1301dbf82c72_large2b1a.jpg]
[boom-theme.myshopify.com/collections/sports-earbud/products/wireless-earbud.html]
[boom-theme.myshopify.com/products/wireless-earbud729d.html]
[boom-theme.myshopify.com/products/wireless-earbud09e6.html]
[boom-theme.myshopify.com/products/wireless-earbudaef7.html]
[boom-theme.myshopify.com/products/wireless-earbud7712.html]
[boom-theme.myshopify.com/products/portable-earphone.html]
[cdn.shopify.com/s/files/1/0437/0454/9536/products/shop-27_301aa288-d998-445a-8c2f-7c9a35c52bb8_grandebbfc.jpg]
[cdn.shopify.com/s/files/1/0437/0454/9536/products/shop-28_da6f8e73-4551-4ce9-81d8-594dcdb830a2_grandebbfc.jpg]
[cdn.shopify.com/s/files/1/0437/0454/9536/products/shop-29_88f3e760-bf43-4296-9255-da8632410875_grandebbfc.jpg]
[cdn.shopify.com/s/files/1/0437/0454/9536/products/shop-27_301aa288-d998-445a-8c2f-7c9a35c52bb8_mediumbbfc.jpg]
[boom-theme.myshopify.com/products/v45-earphone.oembed]
[cdn.shopify.com/s/files/1/0437/0454/9536/products/shop-27_301aa288-d998-445a-8c2f-7c9a35c52bb8bbfc.jpg]
[cdn.shopify.com/s/files/1/0437/0454/9536/products/shop-28_da6f8e73-4551-4ce9-81d8-594dcdb830a2bbfc.jpg]
[cdn.shopify.com/s/files/1/0437/0454/9536/products/shop-29_88f3e760-bf43-4296-9255-da8632410875bbfc.jpg]
[cdn.shopify.com/s/files/1/0437/0454/9536/products/shop-30_3b7fbdbd-a391-4484-8451-a7950fdaa69cbbfc.jpg]
[cdn.shopify.com/s/files/1/0437/0454/9536/products/shop-31_0191233c-f02f-4d9e-815c-49264a09ac23bbfc.jpg]
[cdn.shopify.com/s/files/1/0437/0454/9536/products/shop-32_e751ea9b-8936-403b-8f58-425a764f74e8bbfc.jpg]
[cdn.shopify.com/s/files/1/0437/0454/9536/products/shop-28_da6f8e73-4551-4ce9-81d8-594dcdb830a2_mediumbbfc.jpg]
[cdn.shopify.com/s/files/1/0437/0454/9536/products/shop-29_88f3e760-bf43-4296-9255-da8632410875_mediumbbfc.jpg]
[cdn.shopify.com/s/files/1/0437/0454/9536/products/shop-30_3b7fbdbd-a391-4484-8451-a7950fdaa69c_mediumbbfc.jpg]
[cdn.shopify.com/s/files/1/0437/0454/9536/products/shop-31_0191233c-f02f-4d9e-815c-49264a09ac23_mediumbbfc.jpg]
[cdn.shopify.com/s/files/1/0437/0454/9536/products/shop-32_e751ea9b-8936-403b-8f58-425a764f74e8_mediumbbfc.jpg]
[cdn.shopify.com/s/files/1/0437/0454/9536/products/shop-27_301aa288-d998-445a-8c2f-7c9a35c52bb8_50xbbfc.jpg]
[cdn.shopify.com/s/files/1/0437/0454/9536/products/shop-28_da6f8e73-4551-4ce9-81d8-594dcdb830a2_50xbbfc.jpg]
[cdn.shopify.com/s/files/1/0437/0454/9536/products/shop-29_88f3e760-bf43-4296-9255-da8632410875_50xbbfc.jpg]
[cdn.shopify.com/s/files/1/0437/0454/9536/products/shop-31_0191233c-f02f-4d9e-815c-49264a09ac23_50xbbfc.jpg]
[cdn.shopify.com/s/files/1/0437/0454/9536/products/shop-32_e751ea9b-8936-403b-8f58-425a764f74e8_50xbbfc.jpg]
[boom-theme.myshopify.com/products/v45-earphone.html]
[boom-theme.myshopify.com/collections/in-ear.atom]
[boom-theme.myshopify.com/collections/in-ear.oembed]
[boom-theme.myshopify.com/collections/in-ear/products/noise-isolation-earbud.html]
[boom-theme.myshopify.com/collections/in-ear/products/comfort-earphone.html]
[boom-theme.myshopify.com/collections/in-ear/products/bluetooth-earphone.html]
[boom-theme.myshopify.com/collections/in-ear.html]
[cdn.shopify.com/s/files/1/0437/0454/9536/products/shop-10_bf74d6bd-48d3-4849-88c5-4ba2ec1e3c7b_grandef408.jpg]
[cdn.shopify.com/s/files/1/0437/0454/9536/products/shop-11_0a653046-cf40-4a47-a304-129b06195c3c_grandef408.jpg]
[boom-theme.myshopify.com/collections/in-ear/products/in-ear-earphone.html]
[cdn.shopify.com/s/files/1/0437/0454/9536/products/shop-12_d1948a4c-a9de-410a-a946-5871ab1bda10_grandef408.jpg]
[cdn.shopify.com/s/files/1/0437/0454/9536/products/shop-10_bf74d6bd-48d3-4849-88c5-4ba2ec1e3c7b_mediumf408.jpg]
[boom-theme.myshopify.com/products/comfort-earphone.oembed]
[cdn.shopify.com/s/files/1/0437/0454/9536/products/shop-10_bf74d6bd-48d3-4849-88c5-4ba2ec1e3c7bf408.jpg]
[cdn.shopify.com/s/files/1/0437/0454/9536/products/shop-11_0a653046-cf40-4a47-a304-129b06195c3cf408.jpg]
[cdn.shopify.com/s/files/1/0437/0454/9536/products/shop-12_d1948a4c-a9de-410a-a946-5871ab1bda10f408.jpg]
[cdn.shopify.com/s/files/1/0437/0454/9536/products/shop-13_fab45693-1254-407a-b785-e81ca9eb99b3f408.jpg]
[cdn.shopify.com/s/files/1/0437/0454/9536/products/shop-11_0a653046-cf40-4a47-a304-129b06195c3c_mediumf408.jpg]
[cdn.shopify.com/s/files/1/0437/0454/9536/products/shop-12_d1948a4c-a9de-410a-a946-5871ab1bda10_mediumf408.jpg]
[cdn.shopify.com/s/files/1/0437/0454/9536/products/shop-13_fab45693-1254-407a-b785-e81ca9eb99b3_mediumf408.jpg]
[boom-theme.myshopify.com/products/comfort-earphone.html]
[cdn.shopify.com/s/files/1/0437/0454/9536/products/shop-7_a7d8ad28-c10a-4dea-8f43-7bdd5b560052_grande35b9.jpg]
[cdn.shopify.com/s/files/1/0437/0454/9536/products/shop-8_eb2d368c-2e8c-4fdc-9b14-dd51f5524d32_grande35b9.jpg]
[cdn.shopify.com/s/files/1/0437/0454/9536/products/shop-36_ea8bca33-1786-44fe-b90e-e06cc8217c9a_grande35b9.jpg]
[cdn.shopify.com/s/files/1/0437/0454/9536/products/shop-7_a7d8ad28-c10a-4dea-8f43-7bdd5b560052_medium35b9.jpg]
[boom-theme.myshopify.com/collections/bundle-5472270811296/products/bluetooth-earphone.html]
[boom-theme.myshopify.com/products/slick-earphone.oembed]
[cdn.shopify.com/s/files/1/0437/0454/9536/products/shop-7_a7d8ad28-c10a-4dea-8f43-7bdd5b56005235b9.jpg]
[cdn.shopify.com/s/files/1/0437/0454/9536/products/shop-8_eb2d368c-2e8c-4fdc-9b14-dd51f5524d3235b9.jpg]
[cdn.shopify.com/s/files/1/0437/0454/9536/products/shop-36_ea8bca33-1786-44fe-b90e-e06cc8217c9a35b9.jpg]
[cdn.shopify.com/s/files/1/0437/0454/9536/products/shop-37_e3dd010b-c0b4-4109-9544-abd464b57f4535b9.jpg]
[cdn.shopify.com/s/files/1/0437/0454/9536/products/shop-8_eb2d368c-2e8c-4fdc-9b14-dd51f5524d32_medium35b9.jpg]
[cdn.shopify.com/s/files/1/0437/0454/9536/products/shop-36_ea8bca33-1786-44fe-b90e-e06cc8217c9a_medium35b9.jpg]
[cdn.shopify.com/s/files/1/0437/0454/9536/products/shop-37_e3dd010b-c0b4-4109-9544-abd464b57f45_medium35b9.jpg]
[boom-theme.myshopify.com/collections/wireless/products/trendy-earbud.html]
[boom-theme.myshopify.com/collections/wireless/products/portable-earphone.html]
[boom-theme.myshopify.com/products/slick-earphone.html]
[cdn.shopify.com/s/files/1/0437/0454/9536/products/shop-42_40206bfd-45c1-4077-acc8-3d9bfc2d51a5_grande6a10.jpg]
[cdn.shopify.com/s/files/1/0437/0454/9536/products/shop-43_7f467ab4-5409-41ab-b057-8e470aa4f8db_grande6a10.jpg]
[boom-theme.myshopify.com/collections/wireless/products/v42-earphone.html]
[cdn.shopify.com/s/files/1/0437/0454/9536/products/shop-44_731b8c85-41ae-4d13-94ea-b5ae382b7cec_grande6a10.jpg]
[cdn.shopify.com/s/files/1/0437/0454/9536/products/shop-42_40206bfd-45c1-4077-acc8-3d9bfc2d51a5_medium6a10.jpg]
[boom-theme.myshopify.com/products/v45-earphone-1.oembed]
[cdn.shopify.com/s/files/1/0437/0454/9536/products/shop-42_40206bfd-45c1-4077-acc8-3d9bfc2d51a56a10.jpg]
[cdn.shopify.com/s/files/1/0437/0454/9536/products/shop-43_7f467ab4-5409-41ab-b057-8e470aa4f8db6a10.jpg]
[cdn.shopify.com/s/files/1/0437/0454/9536/products/shop-44_731b8c85-41ae-4d13-94ea-b5ae382b7cec6a10.jpg]
[cdn.shopify.com/s/files/1/0437/0454/9536/products/shop-45_d13420d4-27ed-444a-a3bb-aa42566f5c0c6a10.jpg]
[cdn.shopify.com/s/files/1/0437/0454/9536/products/shop-43_7f467ab4-5409-41ab-b057-8e470aa4f8db_medium6a10.jpg]
[cdn.shopify.com/s/files/1/0437/0454/9536/products/shop-44_731b8c85-41ae-4d13-94ea-b5ae382b7cec_medium6a10.jpg]
[cdn.shopify.com/s/files/1/0437/0454/9536/products/shop-45_d13420d4-27ed-444a-a3bb-aa42566f5c0c_medium6a10.jpg]
[cdn.shopify.com/s/files/1/0437/0454/9536/products/shop-42_40206bfd-45c1-4077-acc8-3d9bfc2d51a5_50x6a10.jpg]
[cdn.shopify.com/s/files/1/0437/0454/9536/products/shop-43_7f467ab4-5409-41ab-b057-8e470aa4f8db_50x6a10.jpg]
[cdn.shopify.com/s/files/1/0437/0454/9536/products/shop-44_731b8c85-41ae-4d13-94ea-b5ae382b7cec_50x6a10.jpg]
[cdn.shopify.com/s/files/1/0437/0454/9536/products/shop-45_d13420d4-27ed-444a-a3bb-aa42566f5c0c_50x6a10.jpg]
[boom-theme.myshopify.com/products/v45-earphone-1.html]
[boom-theme.myshopify.com/collections/sports-earbud.atom]
[boom-theme.myshopify.com/collections/sports-earbud.oembed]
[boom-theme.myshopify.com/collections/sports-earbud/products/portable-earphone.html]
[boom-theme.myshopify.com/collections/wireless-earbud]
[boom-theme.myshopify.com/collections/sports-earbud.html]
[cdn.shopify.com/s/files/1/0437/0454/9536/products/shop-5_87c12970-4390-44ce-b87d-bb3f3bef7833_grande6f87.jpg]
[cdn.shopify.com/s/files/1/0437/0454/9536/products/shop-6_0c791b40-b4df-4b67-892a-6e710cd7e87e_grande6f87.jpg]
[cdn.shopify.com/s/files/1/0437/0454/9536/products/shop-5_87c12970-4390-44ce-b87d-bb3f3bef7833_medium6f87.jpg]
[boom-theme.myshopify.com/products/in-ear-earphone.oembed]
[cdn.shopify.com/s/files/1/0437/0454/9536/products/shop-5_87c12970-4390-44ce-b87d-bb3f3bef78336f87.jpg]
[cdn.shopify.com/s/files/1/0437/0454/9536/products/shop-6_0c791b40-b4df-4b67-892a-6e710cd7e87e6f87.jpg]
[cdn.shopify.com/s/files/1/0437/0454/9536/products/shop-6_0c791b40-b4df-4b67-892a-6e710cd7e87e_medium6f87.jpg]
[boom-theme.myshopify.com/products/in-ear-earphone.html]
[cdn.shopify.com/s/files/1/0437/0454/9536/products/shop-38_23f820d8-ef3a-4223-9734-3e6f29817b89_grande2920.jpg]
[cdn.shopify.com/s/files/1/0437/0454/9536/products/shop-39_c6deadfa-ff20-4a82-a359-9e2f7d86a843_grande2920.jpg]
[cdn.shopify.com/s/files/1/0437/0454/9536/products/shop-40_35e4407d-07fc-4610-9d97-d30ba5b643d8_grande2920.jpg]
[cdn.shopify.com/s/files/1/0437/0454/9536/products/shop-38_23f820d8-ef3a-4223-9734-3e6f29817b89_medium2920.jpg]
[boom-theme.myshopify.com/products/trendy-earbud.oembed]
[cdn.shopify.com/s/files/1/0437/0454/9536/products/shop-38_23f820d8-ef3a-4223-9734-3e6f29817b892920.jpg]
[cdn.shopify.com/s/files/1/0437/0454/9536/products/shop-39_c6deadfa-ff20-4a82-a359-9e2f7d86a8432920.jpg]
[cdn.shopify.com/s/files/1/0437/0454/9536/products/shop-40_35e4407d-07fc-4610-9d97-d30ba5b643d82920.jpg]
[cdn.shopify.com/s/files/1/0437/0454/9536/products/shop-41_b9457635-3853-42f2-9d36-f02e2d7e6a0a2920.jpg]
[cdn.shopify.com/s/files/1/0437/0454/9536/products/shop-39_c6deadfa-ff20-4a82-a359-9e2f7d86a843_medium2920.jpg]
[cdn.shopify.com/s/files/1/0437/0454/9536/products/shop-40_35e4407d-07fc-4610-9d97-d30ba5b643d8_medium2920.jpg]
[cdn.shopify.com/s/files/1/0437/0454/9536/products/shop-41_b9457635-3853-42f2-9d36-f02e2d7e6a0a_medium2920.jpg]
[cdn.shopify.com/s/files/1/0437/0454/9536/products/shop-38_23f820d8-ef3a-4223-9734-3e6f29817b89_50x2920.jpg]
[cdn.shopify.com/s/files/1/0437/0454/9536/products/shop-39_c6deadfa-ff20-4a82-a359-9e2f7d86a843_50x2920.jpg]
[cdn.shopify.com/s/files/1/0437/0454/9536/products/shop-40_35e4407d-07fc-4610-9d97-d30ba5b643d8_50x2920.jpg]
[cdn.shopify.com/s/files/1/0437/0454/9536/products/shop-41_b9457635-3853-42f2-9d36-f02e2d7e6a0a_50x2920.jpg]
[boom-theme.myshopify.com/products/trendy-earbud.html]
[cdn.shopify.com/s/files/1/0437/0454/9536/products/shop-1_83cc799d-ea81-4aaf-a0eb-810e399f6130_grande2b1a.jpg]
[cdn.shopify.com/s/files/1/0437/0454/9536/products/shop-2_6e29f0ad-53d3-4873-a2d4-c02bb831c9cc_grande2b1a.jpg]
[cdn.shopify.com/s/files/1/0437/0454/9536/products/shop-34_0c14276e-16bf-4a6f-aedf-8502e105a6bc_grande2b1a.jpg]
[cdn.shopify.com/s/files/1/0437/0454/9536/products/shop-1_83cc799d-ea81-4aaf-a0eb-810e399f6130_medium2b1a.jpg]
[boom-theme.myshopify.com/products/wireless-earbud.oembed]
[cdn.shopify.com/s/files/1/0437/0454/9536/products/shop-1_83cc799d-ea81-4aaf-a0eb-810e399f61302b1a.jpg]
[cdn.shopify.com/s/files/1/0437/0454/9536/products/shop-2_6e29f0ad-53d3-4873-a2d4-c02bb831c9cc2b1a.jpg]
[cdn.shopify.com/s/files/1/0437/0454/9536/products/shop-34_0c14276e-16bf-4a6f-aedf-8502e105a6bc2b1a.jpg]
[cdn.shopify.com/s/files/1/0437/0454/9536/products/shop-35_ea9a1156-bb00-4f57-83c9-1301dbf82c722b1a.jpg]
[cdn.shopify.com/s/files/1/0437/0454/9536/products/shop-2_6e29f0ad-53d3-4873-a2d4-c02bb831c9cc_medium2b1a.jpg]
[cdn.shopify.com/s/files/1/0437/0454/9536/products/shop-34_0c14276e-16bf-4a6f-aedf-8502e105a6bc_medium2b1a.jpg]
[cdn.shopify.com/s/files/1/0437/0454/9536/products/shop-35_ea9a1156-bb00-4f57-83c9-1301dbf82c72_medium2b1a.jpg]
[cdn.shopify.com/s/files/1/0437/0454/9536/products/shop-1_83cc799d-ea81-4aaf-a0eb-810e399f6130_50x2b1a.jpg]
[cdn.shopify.com/s/files/1/0437/0454/9536/products/shop-2_6e29f0ad-53d3-4873-a2d4-c02bb831c9cc_50x2b1a.jpg]
[cdn.shopify.com/s/files/1/0437/0454/9536/products/shop-34_0c14276e-16bf-4a6f-aedf-8502e105a6bc_50x2b1a.jpg]
[cdn.shopify.com/s/files/1/0437/0454/9536/products/shop-35_ea9a1156-bb00-4f57-83c9-1301dbf82c72_50x2b1a.jpg]
[boom-theme.myshopify.com/products/wireless-earbud.html]
[boom-theme.myshopify.com/collections/wireless.atom]
[boom-theme.myshopify.com/collections/wireless.oembed]
[boom-theme.myshopify.com/collections/wireless.html]
[cdn.shopify.com/s/files/1/0437/0454/9536/products/shop-15_44cd1f96-e00d-49f3-b33a-eae255ac4f86_grande6e24.jpg]
[cdn.shopify.com/s/files/1/0437/0454/9536/products/shop-16_9454e93f-bebc-469a-9c66-b8b8a4f7e84b_grande6e24.jpg]
[cdn.shopify.com/s/files/1/0437/0454/9536/products/shop-17_730a6e3a-4d55-4661-9d93-28233b0feabc_grande6e24.jpg]
[boom-theme.myshopify.com/collections/wireless/products/slick-earphone.html]
[cdn.shopify.com/s/files/1/0437/0454/9536/products/shop-15_44cd1f96-e00d-49f3-b33a-eae255ac4f86_medium6e24.jpg]
[boom-theme.myshopify.com/products/noise-isolation-earbud.oembed]
[cdn.shopify.com/s/files/1/0437/0454/9536/products/shop-15_44cd1f96-e00d-49f3-b33a-eae255ac4f866e24.jpg]
[cdn.shopify.com/s/files/1/0437/0454/9536/products/shop-16_9454e93f-bebc-469a-9c66-b8b8a4f7e84b6e24.jpg]
[cdn.shopify.com/s/files/1/0437/0454/9536/products/shop-17_730a6e3a-4d55-4661-9d93-28233b0feabc6e24.jpg]
[cdn.shopify.com/s/files/1/0437/0454/9536/products/shop-18_07b1def3-7530-4201-9a26-8a19cedb38736e24.jpg]
[cdn.shopify.com/s/files/1/0437/0454/9536/products/shop-16_9454e93f-bebc-469a-9c66-b8b8a4f7e84b_medium6e24.jpg]
[cdn.shopify.com/s/files/1/0437/0454/9536/products/shop-17_730a6e3a-4d55-4661-9d93-28233b0feabc_medium6e24.jpg]
[cdn.shopify.com/s/files/1/0437/0454/9536/products/shop-18_07b1def3-7530-4201-9a26-8a19cedb3873_medium6e24.jpg]
[boom-theme.myshopify.com/products/noise-isolation-earbud.html]
[cdn.shopify.com/s/files/1/0437/0454/9536/products/shop-3_ecb7b899-fa05-422d-9a3f-75098acf2299_grandee3bb.jpg]
[cdn.shopify.com/s/files/1/0437/0454/9536/products/shop-4_ce00290b-ffe8-41be-a71e-3e6dfaf969be_grandee3bb.jpg]
[cdn.shopify.com/s/files/1/0437/0454/9536/products/shop-21_8a75dc7a-4ab8-4cee-9410-41f38c1ad840_grandee3bb.jpg]
[cdn.shopify.com/s/files/1/0437/0454/9536/products/shop-3_ecb7b899-fa05-422d-9a3f-75098acf2299_mediume3bb.jpg]
[boom-theme.myshopify.com/products/v42-earphone.oembed]
[cdn.shopify.com/s/files/1/0437/0454/9536/products/shop-3_ecb7b899-fa05-422d-9a3f-75098acf2299e3bb.jpg]
[cdn.shopify.com/s/files/1/0437/0454/9536/products/shop-4_ce00290b-ffe8-41be-a71e-3e6dfaf969bee3bb.jpg]
[cdn.shopify.com/s/files/1/0437/0454/9536/products/shop-21_8a75dc7a-4ab8-4cee-9410-41f38c1ad840e3bb.jpg]
[cdn.shopify.com/s/files/1/0437/0454/9536/products/shop-22_af5bddc0-7020-4ff5-a918-99228dabb54ce3bb.jpg]
[cdn.shopify.com/s/files/1/0437/0454/9536/products/shop-4_ce00290b-ffe8-41be-a71e-3e6dfaf969be_mediume3bb.jpg]
[cdn.shopify.com/s/files/1/0437/0454/9536/products/shop-21_8a75dc7a-4ab8-4cee-9410-41f38c1ad840_mediume3bb.jpg]
[cdn.shopify.com/s/files/1/0437/0454/9536/products/shop-22_af5bddc0-7020-4ff5-a918-99228dabb54c_mediume3bb.jpg]
[cdn.shopify.com/s/files/1/0437/0454/9536/products/shop-3_ecb7b899-fa05-422d-9a3f-75098acf2299_50xe3bb.jpg]
[cdn.shopify.com/s/files/1/0437/0454/9536/products/shop-4_ce00290b-ffe8-41be-a71e-3e6dfaf969be_50xe3bb.jpg]
[cdn.shopify.com/s/files/1/0437/0454/9536/products/shop-21_8a75dc7a-4ab8-4cee-9410-41f38c1ad840_50xe3bb.jpg]
[cdn.shopify.com/s/files/1/0437/0454/9536/products/shop-22_af5bddc0-7020-4ff5-a918-99228dabb54c_50xe3bb.jpg]
[boom-theme.myshopify.com/products/v42-earphone.html]
[boom-theme.myshopify.com/products/copy-of-product-30.html]
[boom-theme.myshopify.com/products/zen-backpacks-a1.html]
[boom-theme.myshopify.com/blogs/news.atom]
[boom-theme.myshopify.com/blogs/news4658.html]
[boom-theme.myshopify.com/blogs/POST]
[cdn.shopify.com/s/files/1/0437/0454/9536/articles/blog-67f27a.jpg]
[cdn.shopify.com/s/files/1/0437/0454/9536/articles/blog-70fb7.jpg]
[cdn.shopify.com/s/files/1/0437/0454/9536/articles/blog-54ab2.jpg]
[boom-theme.myshopify.com/blogs/news/tagged/earbud.html]
[boom-theme.myshopify.com/blogs/news/tagged/music.html]
[boom-theme.myshopify.com/blogs/news/tagged/sports.html]
[cdn.shopify.com/s/files/1/0437/0454/9536/t/26/assets/instagram17d5.js]
[cdn.shopify.com/s/files/1/0437/0454/9536/products/shop-15_44cd1f96-e00d-49f3-b33a-eae255ac4f86_350X6e24.jpg]
[boom-theme.myshopify.com/blogs/news/tagged/wireless.html]
[cdn.shopify.com/s/files/1/0437/0454/9536/products/shop-10_bf74d6bd-48d3-4849-88c5-4ba2ec1e3c7b_350Xf408.jpg]
[cdn.shopify.com/s/files/1/0437/0454/9536/products/shop-9_8b8e52b3-4453-46bf-bee6-d56b3bfbf01d_350X6d4d.jpg]
[cdn.shopify.com/s/files/1/0437/0454/9536/products/shop-5_87c12970-4390-44ce-b87d-bb3f3bef7833_350X6f87.jpg]
[cdn.shopify.com/s/files/1/0437/0454/9536/articles/blog-47662.jpg]
[boom-theme.myshopify.com/blogs/news/sport-comfort-earbud.html]
[cdn.shopify.com/s/files/1/0437/0454/9536/articles/blog-3_e27c852c-1965-4514-9b14-839b40a615961c9f.jpg]
[boom-theme.myshopify.com/blogs/news/triple-driver-in-ear.html]
[cdn.shopify.com/s/files/1/0437/0454/9536/articles/blog-2_b3653dd5-3172-4649-b90a-62bd700e1f1dd07d.jpg]
[boom-theme.myshopify.com/blogs/news/noise-canceling-feature.html]
[boom-theme.myshopify.com/blogs/news/new-stylish-earbud.html]
[cdn.shopify.com/s/files/1/0437/0454/9536/articles/blog-1_263433b8-cc36-42ae-b598-0e89268505029060.jpg]
[boom-theme.myshopify.com/blogs/news/take-fingertip-control.html]
[cdn.shopify.com/s/files/1/0437/0454/9536/articles/blog-1788f.jpg]
[boom-theme.myshopify.com/blogs/news.html]
[boom-theme.myshopify.com/pages/POST.244.delayed]
[cdn.shopify.com/s/files/1/0437/0454/9536/files/abou-193a5.jpg]
[cdn.shopify.com/s/files/1/0437/0454/9536/files/About-banner2bea.jpg]
[cdn.shopify.com/s/files/1/0437/0454/9536/files/abou-22088.jpg]
[cdn.shopify.com/s/files/1/0437/0454/9536/files/abou-35c25.jpg]
[cdn.shopify.com/s/files/1/0437/0454/9536/files/testi-1b0aa.jpg]
[cdn.shopify.com/s/files/1/0437/0454/9536/files/testi-2ccb4.jpg]
[cdn.shopify.com/s/files/1/0437/0454/9536/files/testi-32b99.jpg]
[cdn.shopify.com/s/files/1/0437/0454/9536/files/team-1_1024x1024205f.jpg]
[cdn.shopify.com/s/files/1/0437/0454/9536/files/team-2_1024x10243436.jpg]
[cdn.shopify.com/s/files/1/0437/0454/9536/files/team-3_1024x1024d4a2.jpg]
[cdn.shopify.com/s/files/1/0437/0454/9536/files/team-5_1024x10245589.jpg]
[boom-theme.myshopify.com/pages/about.html]
[cdn.shopify.com/s/files/1/0437/0454/9536/files/service-1f5aa.jpg]
[cdn.shopify.com/shopifycloud/shopify/assets/no-image-2048-5e88c1b20e087fb7bbe9a3771824e743c244f437e4f8ba93bbf7b11b53f7824c_2048x2048.gif]
[cdn.shopify.com/s/files/1/0437/0454/9536/files/service-2_1024x10245274.jpg]
[boom-theme.myshopify.com/pages/service.html]
[boom-theme.myshopify.com/pages/faq.html]
[boom-theme.myshopify.com/pages/contact.html]
[boom-theme.myshopify.com/collections.html]
[cdn.shopify.com/s/files/1/0437/0454/9536/articles/blog-67_grandef27a.jpg]
[boom-theme.myshopify.com/collections/bundle-5472270811296.html]
[boom-theme.myshopify.com/blogs/news/POST]
[boom-theme.myshopify.com/blogs/news/white-wireless-earbud.html]
[cdn.shopify.com/s/files/1/0437/0454/9536/articles/blog-7_grande0fb7.jpg]
[boom-theme.myshopify.com/blogs/news/loudest-wireless-earbuds.html]
[cdn.shopify.com/s/files/1/0437/0454/9536/articles/blog-5_grande4ab2.jpg]
[boom-theme.myshopify.com/blogs/news/fun-with-friends.html]
[cdn.shopify.com/s/files/1/0437/0454/9536/t/26/assets/empty-cart6052.png]
[boom-theme.myshopify.com/cart.html]
[cdn.shopify.com/s/files/1/0437/0454/9536/t/26/assets/ico-selectf30c.svg]
[cdn.shopify.com/s/files/1/0437/0454/9536/t/26/assets/iconsf0b1.html]
[cdn.shopify.com/s/files/1/0437/0454/9536/t/26/assets/iconsf0b1-2.html]
[cdn.shopify.com/s/files/1/0437/0454/9536/t/26/assets/iconsf0b1-3.html]
[cdn.shopify.com/s/files/1/0437/0454/9536/t/26/assets/icons0672.svg]
[cdn.shopify.com/s/files/1/0437/0454/9536/t/26/assets/product-arrowf0b1.html]
[cdn.shopify.com/s/files/1/0437/0454/9536/t/26/assets/owl.video.play.html]
[cdn.shopify.com/s/files/1/0437/0454/9536/t/26/assets/icons_new14.html]
[cdn.shopify.com/s/files/1/0437/0454/9536/t/26/assets/prev-horizontal.html]
[cdn.shopify.com/s/files/1/0437/0454/9536/t/26/assets/fancybox-x.html]
[cdn.shopify.com/s/files/1/0437/0454/9536/t/26/assets/sprite_x.html]
[cdn.shopify.com/s/files/1/0437/0454/9536/t/26/assets/sprite_y.html]
[cdn.shopify.com/s/files/1/0437/0454/9536/t/26/assets/sprite_next.html]
[cdn.shopify.com/s/files/1/0437/0454/9536/t/26/assets/sprite_prev.html]
[cdn.shopify.com/s/files/1/0437/0454/9536/t/26/assets/default_thumb.html]
[cdn.shopify.com/s/files/1/0437/0454/9536/t/26/assets/loader.html]
[cdn.shopify.com/s/files/1/0437/0454/9536/t/26/assets/btnNext.html]
[cdn.shopify.com/s/files/1/0437/0454/9536/t/26/assets/btnPrevious.html]
[cdn.shopify.com/s/files/1/0437/0454/9536/t/26/assets/contentPattern.html]
[cdn.shopify.com/s/files/1/0437/0454/9536/t/26/assets/dark_rounded/sprite.html]
[cdn.shopify.com/s/files/1/0437/0454/9536/t/26/assets/contentPatternTop.html]
[cdn.shopify.com/s/files/1/0437/0454/9536/t/26/assets/contentPatternLeft.html]
[cdn.shopify.com/s/files/1/0437/0454/9536/t/26/assets/contentPatternRight.html]
[cdn.shopify.com/s/files/1/0437/0454/9536/t/26/assets/facebook/sprite.html]
[cdn.shopify.com/s/files/1/0437/0454/9536/t/26/images/prettyPhoto/facebook/sprite.html]
[cdn.shopify.com/s/files/1/0437/0454/9536/t/26/assets/contentPatternBottom.html]
[cdn.shopify.com/s/files/1/0437/0454/9536/t/26/assets/default_thumbnail.html]
[cdn.shopify.com/s/files/1/0437/0454/9536/t/26/assets/fa-brands-400.svg]
[cdn.shopify.com/s/files/1/0437/0454/9536/t/26/assets/fa-regular-400.svg]
[cdn.shopify.com/s/files/1/0437/0454/9536/t/26/assets/fa-solid-900.html]
[boom-theme.myshopify.com/account/POST.html]
[boom-theme.myshopify.com/account/register.html]
[boom-theme.myshopify.com/collections/all2679.html]
[boom-theme.myshopify.com/collections/all4658.html]
[boom-theme.myshopify.com/collections/POST.html]
[boom-theme.myshopify.com/collections/manual.html]
[boom-theme.myshopify.com/collections/price-ascending.html]
[boom-theme.myshopify.com/collections/price-descending.html]
[boom-theme.myshopify.com/collections/title-ascending.html]
[boom-theme.myshopify.com/collections/title-descending.html]
[boom-theme.myshopify.com/collections/created-ascending.html]
[boom-theme.myshopify.com/collections/created-descending.html]
[boom-theme.myshopify.com/collections/best-selling.html]
[boom-theme.myshopify.com/products/bluetooth-earphoneadbd.html]
[boom-theme.myshopify.com/products/bluetooth-earphone5d16.html]
[boom-theme.myshopify.com/products/bluetooth-earphone8ad4.html]
[boom-theme.myshopify.com/products/bluetooth-earphone7ecf.html]
[boom-theme.myshopify.com/collections/bluetooth-earphone.html]
[boom-theme.myshopify.com/pages/wishlist.html]
[boom-theme.myshopify.com/products/comfort-earphonee593.html]
[boom-theme.myshopify.com/products/comfort-earphone4b18.html]
[boom-theme.myshopify.com/products/comfort-earphoneebbe.html]
[boom-theme.myshopify.com/products/comfort-earphonecf9f.html]
[boom-theme.myshopify.com/collections/comfort-earphone.html]
[boom-theme.myshopify.com/products/in-ear-earphone9f16.html]
[boom-theme.myshopify.com/products/in-ear-earphone8787.html]
[boom-theme.myshopify.com/collections/in-ear-earphone.html]
[boom-theme.myshopify.com/products/noise-isolation-earbud9667.html]
[boom-theme.myshopify.com/products/noise-isolation-earbuded00.html]
[boom-theme.myshopify.com/products/noise-isolation-earbud35f4.html]
[boom-theme.myshopify.com/products/noise-isolation-earbudb36b.html]
[boom-theme.myshopify.com/collections/noise-isolation-earbud.html]
[boom-theme.myshopify.com/products/portable-earphoneeb5c.html]
[boom-theme.myshopify.com/products/portable-earphone17b5.html]
[boom-theme.myshopify.com/products/portable-earphone0182.html]
[boom-theme.myshopify.com/products/portable-earphoneca65.html]
[boom-theme.myshopify.com/collections/portable-earphone.html]
[boom-theme.myshopify.com/products/slick-earphonea84b.html]
[boom-theme.myshopify.com/products/slick-earphone82c9.html]
[boom-theme.myshopify.com/products/slick-earphoneba3f.html]
[boom-theme.myshopify.com/products/slick-earphone1c8f.html]
[boom-theme.myshopify.com/collections/slick-earphone.html]
[boom-theme.myshopify.com/products/trendy-earbud647f.html]
[boom-theme.myshopify.com/products/trendy-earbud3c4e.html]
[boom-theme.myshopify.com/products/trendy-earbud1317.html]
[boom-theme.myshopify.com/products/trendy-earbud72ed.html]
[boom-theme.myshopify.com/collections/trendy-earbud.html]
[boom-theme.myshopify.com/products/v42-earphone743f.html]
[boom-theme.myshopify.com/products/v42-earphone8b9f.html]
[boom-theme.myshopify.com/products/v42-earphone2cf7.html]
[boom-theme.myshopify.com/products/v42-earphoneaec6.html]
[boom-theme.myshopify.com/collections/v42-earphone.html]
[boom-theme.myshopify.com/collections/bluetooth/products/POST.2bc.delayed]
[boom-theme.myshopify.com/collections/bluetooth/products/trendy-earbud.html]
[boom-theme.myshopify.com/collections/bluetooth/products/v42-earphone.html]
[boom-theme.myshopify.com/collections/bluetooth/products/v45-earphone.html]
[boom-theme.myshopify.com/products/v45-earphone986c.html]
[boom-theme.myshopify.com/products/v45-earphoneb258.html]
[boom-theme.myshopify.com/products/v45-earphone7054.html]
[boom-theme.myshopify.com/products/v45-earphone2236.html]
[boom-theme.myshopify.com/collections/v45-earphone.html]
[boom-theme.myshopify.com/collections/bluetooth/products/v45-earphone-1.html]
[boom-theme.myshopify.com/products/v45-earphone-13afd.html]
[boom-theme.myshopify.com/products/v45-earphone-101e5.html]
[boom-theme.myshopify.com/products/v45-earphone-1bf32.html]
[boom-theme.myshopify.com/products/v45-earphone-15d19.html]
[boom-theme.myshopify.com/collections/v45-earphone-1.html]
[boom-theme.myshopify.com/products/POST.html]
[boom-theme.myshopify.com/collections/bundle-5472270811296/products/POST]
[boom-theme.myshopify.com/collections/bundle-5472270811296/products/noise-isolation-earbud.html]
[boom-theme.myshopify.com/collections/bundle-5472270811296/products/comfort-earphone.html]
[boom-theme.myshopify.com/collections/bundle-5472270811296/products/in-ear-earphone.html]
[boom-theme.myshopify.com/products/index.html]
[cdn.shopify.com/s/files/1/0437/0454/9536/t/26/assets/jquery.fancybox.minfa4d.css]
[boom-theme.myshopify.com/collections/sports-earbud/products/POST]
[boom-theme.myshopify.com/collections/sports-earbud/products/v45-earphone-1.html]
[boom-theme.myshopify.com/collections/sports-earbud/products/v42-earphone.html]
[boom-theme.myshopify.com/collections/sports-earbud/products/wireless-earbud.html]
[boom-theme.myshopify.com/products/wireless-earbud729d.html]
[boom-theme.myshopify.com/products/wireless-earbud09e6.html]
[boom-theme.myshopify.com/products/wireless-earbud7712.html]
[boom-theme.myshopify.com/products/wireless-earbudaef7.html]
[boom-theme.myshopify.com/collections/in-ear/products/POST]
[boom-theme.myshopify.com/collections/in-ear/products/noise-isolation-earbud.html]
[boom-theme.myshopify.com/collections/in-ear/products/comfort-earphone.html]
[boom-theme.myshopify.com/collections/in-ear/products/bluetooth-earphone.html]
[boom-theme.myshopify.com/collections/in-ear/products/in-ear-earphone.html]
[boom-theme.myshopify.com/collections/bundle-5472270811296/products/bluetooth-earphone.html]
[boom-theme.myshopify.com/collections/wireless/products/POST]
[boom-theme.myshopify.com/collections/wireless/products/trendy-earbud.html]
[boom-theme.myshopify.com/collections/wireless/products/portable-earphone.html]
[boom-theme.myshopify.com/collections/wireless/products/v42-earphone.html]
[boom-theme.myshopify.com/collections/sports-earbud/products/portable-earphone.html]
[boom-theme.myshopify.com/collections/wireless-earbud.html]
[boom-theme.myshopify.com/collections/wireless/products/slick-earphone.html]
[boom-theme.myshopify.com/blogs/news2679.html]
[cdn.shopify.com/s/files/1/0437/0454/9536/articles/blog-2a926.jpg]
[boom-theme.myshopify.com/blogs/news/hear-feel-the-difference.html]
[boom-theme.myshopify.com/blogs/news/every-breath-note-and-beat.html]
[cdn.shopify.com/s/files/1/0437/0454/9536/articles/blog-3ed9d.jpg]
[boom-theme.myshopify.com/blogs/news4658.html]
[boom-theme.myshopify.com/blogs/POST.html]
[boom-theme.myshopify.com/blogs/news/tagged/earbud.atom]
[boom-theme.myshopify.com/blogs/news/tagged/POST]
[boom-theme.myshopify.com/blogs/news/tagged/earbud.html]
[boom-theme.myshopify.com/blogs/news/tagged/music.html]
[boom-theme.myshopify.com/blogs/news/tagged/music.atom]
[boom-theme.myshopify.com/blogs/news/tagged/sports.html]
[boom-theme.myshopify.com/blogs/news/tagged/sports.atom]
[boom-theme.myshopify.com/blogs/news/tagged/wireless.html]
[boom-theme.myshopify.com/blogs/news/tagged/wireless.atom]
[cdn.shopify.com/s/files/1/0437/0454/9536/articles/blog-4_grande7662.jpg]
[boom-theme.myshopify.com/blogs/news/sport-comfort-earbud.html]
[cdn.shopify.com/s/files/1/0437/0454/9536/articles/blog-3_e27c852c-1965-4514-9b14-839b40a61596_grande1c9f.jpg]
[boom-theme.myshopify.com/blogs/news/triple-driver-in-ear.html]
[cdn.shopify.com/s/files/1/0437/0454/9536/articles/blog-2_b3653dd5-3172-4649-b90a-62bd700e1f1d_granded07d.jpg]
[boom-theme.myshopify.com/blogs/news/noise-canceling-feature.html]
[cdn.shopify.com/s/files/1/0437/0454/9536/articles/blog-1_263433b8-cc36-42ae-b598-0e8926850502_grande9060.jpg]
[boom-theme.myshopify.com/blogs/news/new-stylish-earbud.html]
[cdn.shopify.com/s/files/1/0437/0454/9536/articles/blog-1_grande788f.jpg]
[boom-theme.myshopify.com/blogs/news/take-fingertip-control.html]
[boom-theme.myshopify.com/pages/POST.html]
[boom-theme.myshopify.com/collections/bundle-5472270811296.atom]
[boom-theme.myshopify.com/collections/bundle-5472270811296.oembed]
[boom-theme.myshopify.com/collections/bundle-5472270811296.html]
[boom-theme.myshopify.com/blogs/news/POST.html]
[pinterest.com/pin/create/button/indexdee0.html]
[pinterest.com/pin/create/button/index259a.html]
[pinterest.com/pin/create/button/index5259.html]
[boom-theme.myshopify.com/collections/all2679.html]
[boom-theme.myshopify.com/collections/bluetooth/products/POST.html]
[boom-theme.myshopify.com/collections/bundle-5472270811296/products/POST.html]
[boom-theme.myshopify.com/collections/sports-earbud/products/POST.html]
[boom-theme.myshopify.com/collections/in-ear/products/POST.html]
[boom-theme.myshopify.com/collections/wireless/products/POST.html]
[boom-theme.myshopify.com/blogs/news2679.html]
[cdn.shopify.com/s/files/1/0437/0454/9536/articles/blog-2_grandea926.jpg]
[boom-theme.myshopify.com/blogs/news/hear-feel-the-difference.html]
[cdn.shopify.com/s/files/1/0437/0454/9536/articles/blog-3_grandeed9d.jpg]
[boom-theme.myshopify.com/blogs/news/every-breath-note-and-beat.html]
[boom-theme.myshopify.com/blogs/news/tagged/POST.html]
[pinterest.com/pin/create/button/indexe007.html]
[pinterest.com/pin/create/button/index8085.html]
[pinterest.com/pin/create/button/index701f.html]
[pinterest.com/pin/create/button/index6184.html]
[pinterest.com/pin/create/button/index882a.html]
[pinterest.com/pin/create/button/index88b0.html]
[pinterest.com/pin/create/button/index39c3.html]
[pinterest.com/pin/create/button/index13f9.html]
[pinterest.com/pin/create/button/index150e.html]
[pinterest.com/pin/create/button/indexac89.html]
[pinterest.com/pin/create/button/index227a.html]
[pinterest.com/pin/create/button/index9de1.html]
[pinterest.com/pin/create/button/index83ee.html]
[pinterest.com/pin/create/button/indexdb95.html]
[pinterest.com/pin/create/button/indexb732.html]
[pinterest.com/pin/create/button/index8f44.html]
[pinterest.com/pin/create/button/index2cff.html]
